Component: ARM Compiler 5.06 update 5 (build 528) Tool: armlink [4d35e2]

==============================================================================

Section Cross References

    main.o(i.LDRState) refers to adc.o(i.ADC_GetLastValueLeft) for ADC_GetLastValueLeft
    main.o(i.LDRState) refers to adc.o(i.ADC_GetLastValueRight) for ADC_GetLastValueRight
    main.o(i.LDRState) refers to adc.o(.data) for ADC_New_Data_Available_Right
    main.o(i.LDRState) refers to main.o(.data) for left
    main.o(i.SysTick_Handler) refers to adc.o(i.ADC_Start) for ADC_Start
    main.o(i.followRoad) refers to main.o(i.sensor_handler) for sensor_handler
    main.o(i.followRoad) refers to main.o(i.ldr_handler) for ldr_handler
    main.o(i.followWIFI) refers to main.o(i.sensor_handler) for sensor_handler
    main.o(i.followWIFI) refers to main.o(i.ldr_handler) for ldr_handler
    main.o(i.init) refers to systemticktimer.o(i.SysTick_Init) for SysTick_Init
    main.o(i.init) refers to ultrasonic.o(i.Ultrasonic_Trigger_Timer_Init) for Ultrasonic_Trigger_Timer_Init
    main.o(i.init) refers to ultrasonic.o(i.Ultrasonic_Capture_Timer_Init) for Ultrasonic_Capture_Timer_Init
    main.o(i.init) refers to ultrasonic.o(i.Ulrasonic_Start_Trigger) for Ulrasonic_Start_Trigger
    main.o(i.init) refers to adc.o(i.ADC_Init) for ADC_Init
    main.o(i.init) refers to adc.o(i.ADC_Start) for ADC_Start
    main.o(i.init) refers to pwm.o(i.PWM_Init) for PWM_Init
    main.o(i.init) refers to led.o(i.LED1_Init) for LED1_Init
    main.o(i.init) refers to led.o(i.LED2_Init) for LED2_Init
    main.o(i.init) refers to led.o(i.LED3_Init) for LED3_Init
    main.o(i.init) refers to led.o(i.LED4_Init) for LED4_Init
    main.o(i.init) refers to led.o(i.LED1_Off) for LED1_Off
    main.o(i.init) refers to led.o(i.LED2_Off) for LED2_Off
    main.o(i.init) refers to led.o(i.LED3_Off) for LED3_Off
    main.o(i.init) refers to led.o(i.LED4_Off) for LED4_Off
    main.o(i.init) refers to serial.o(i.Serial_Init) for Serial_Init
    main.o(i.init) refers to i2c.o(i.I2C_Init) for I2C_Init
    main.o(i.init) refers to main.o(.data) for out
    main.o(i.init) refers to controller.o(.data) for temp
    main.o(i.joystick_handler) refers to joystick.o(i.Joystick_Up_Pressed) for Joystick_Up_Pressed
    main.o(i.joystick_handler) refers to controller.o(i.moveForward) for moveForward
    main.o(i.joystick_handler) refers to joystick.o(i.Joystick_Left_Pressed) for Joystick_Left_Pressed
    main.o(i.joystick_handler) refers to controller.o(i.turnLeft) for turnLeft
    main.o(i.joystick_handler) refers to joystick.o(i.Joystick_Down_Pressed) for Joystick_Down_Pressed
    main.o(i.joystick_handler) refers to controller.o(i.moveBackward) for moveBackward
    main.o(i.joystick_handler) refers to joystick.o(i.Joystick_Right_Pressed) for Joystick_Right_Pressed
    main.o(i.joystick_handler) refers to controller.o(i.turnRight) for turnRight
    main.o(i.joystick_handler) refers to joystick.o(i.Joystick_Center_Pressed) for Joystick_Center_Pressed
    main.o(i.joystick_handler) refers to controller.o(i.powerDown) for powerDown
    main.o(i.ldr_handler) refers to main.o(i.LDRState) for LDRState
    main.o(i.ldr_handler) refers to controller.o(i.turnLeft) for turnLeft
    main.o(i.ldr_handler) refers to controller.o(i.turnRight) for turnRight
    main.o(i.ldr_handler) refers to controller.o(i.moveForward) for moveForward
    main.o(i.ldr_handler) refers to main.o(.data) for ldrState
    main.o(i.main) refers to main.o(i.init) for init
    main.o(i.main) refers to i2c.o(i.I2C_Write) for I2C_Write
    main.o(i.main) refers to main.o(i.update) for update
    main.o(i.main) refers to main.o(.data) for wakeUp
    main.o(i.select_scenario) refers to joystick.o(i.Joystick_Left_Pressed) for Joystick_Left_Pressed
    main.o(i.select_scenario) refers to joystick.o(i.Joystick_Down_Pressed) for Joystick_Down_Pressed
    main.o(i.select_scenario) refers to joystick.o(i.Joystick_Right_Pressed) for Joystick_Right_Pressed
    main.o(i.select_scenario) refers to joystick.o(i.Joystick_Center_Pressed) for Joystick_Center_Pressed
    main.o(i.select_scenario) refers to controller.o(i.powerDown) for powerDown
    main.o(i.sensor_handler) refers to controller.o(i.stop) for stop
    main.o(i.sensor_handler) refers to main.o(i.joystick_handler) for joystick_handler
    main.o(i.sensor_handler) refers to controller.o(i.moveForward) for moveForward
    main.o(i.sensor_handler) refers to ultrasonic.o(.data) for ultrasonicSensorEdgeCount
    main.o(i.update) refers to main.o(i.select_scenario) for select_scenario
    main.o(i.update) refers to controller.o(i.moveForward) for moveForward
    main.o(i.update) refers to main.o(i.followRoad) for followRoad
    main.o(i.update) refers to main.o(i.followWIFI) for followWIFI
    main.o(i.update) refers to controller.o(i.getSpeed) for getSpeed
    main.o(i.update) refers to pwm.o(i.PWM1_Wr1te) for PWM1_Wr1te
    main.o(i.update) refers to main.o(.data) for tempscenario
    main.o(i.update) refers to controller.o(.data) for dir
    main.o(.data) refers to main.o(.conststrlit) for .conststrlit
    pwm.o(i.PWM1_Wr1te) refers to pwm.o(.data) for mr_address
    pwm.o(i.PWM_Init) refers to pwm.o(i.PWM_Wr1te) for PWM_Wr1te
    pwm.o(i.PWM_Init) refers to pwm.o(i.PWM1_Wr1te) for PWM1_Wr1te
    pwm.o(i.PWM_Init) refers to pwm.o(i.PWM1_Cycle_Rate) for PWM1_Cycle_Rate
    pwm.o(i.PWM_Wr1te) refers to pwm.o(.data) for mr_address
    joystick.o(i.Joystick_Center_Pressed) refers to gpio.o(i.GPIO_PIN_Read) for GPIO_PIN_Read
    joystick.o(i.Joystick_Down_Pressed) refers to gpio.o(i.GPIO_PIN_Read) for GPIO_PIN_Read
    joystick.o(i.Joystick_Init) refers to gpio.o(i.GPIO_DIR_Write) for GPIO_DIR_Write
    joystick.o(i.Joystick_Left_Pressed) refers to gpio.o(i.GPIO_PIN_Read) for GPIO_PIN_Read
    joystick.o(i.Joystick_Right_Pressed) refers to gpio.o(i.GPIO_PIN_Read) for GPIO_PIN_Read
    joystick.o(i.Joystick_Up_Pressed) refers to gpio.o(i.GPIO_PIN_Read) for GPIO_PIN_Read
    pll.o(i.PLL_Change_Configuration) refers to pll.o(i.PLL_Init) for PLL_Init
    pll.o(i.PLL_Change_Configuration) refers to pll.o(i.PLL_Disable) for PLL_Disable
    pll.o(i.PLL_Change_Configuration) refers to pll.o(i.PLL_Feed) for PLL_Feed
    pll.o(i.PLL_Change_Configuration) refers to pll.o(i.PLL_Change_Source) for PLL_Change_Source
    pll.o(i.PLL_Change_Configuration) refers to pll.o(i.PLL_Change_Frequency) for PLL_Change_Frequency
    pll.o(i.PLL_Change_Configuration) refers to pll.o(i.PLL_Enable) for PLL_Enable
    pll.o(i.PLL_Change_Configuration) refers to pll.o(i.PLL_Check_State) for PLL_Check_State
    pll.o(i.PLL_Change_Configuration) refers to pll.o(i.PLL_Start) for PLL_Start
    ultrasonic.o(i.TIMER2_IRQHandler) refers to ultrasonic.o(i.__NVIC_ClearPendingIRQ) for __NVIC_ClearPendingIRQ
    ultrasonic.o(i.TIMER2_IRQHandler) refers to ultrasonic.o(i.__NVIC_EnableIRQ) for __NVIC_EnableIRQ
    ultrasonic.o(i.TIMER2_IRQHandler) refers to ultrasonic.o(.data) for isUltrasonicSensorTriggerEnded
    ultrasonic.o(i.TIMER3_IRQHandler) refers to ultrasonic.o(i.__NVIC_ClearPendingIRQ) for __NVIC_ClearPendingIRQ
    ultrasonic.o(i.TIMER3_IRQHandler) refers to dfltui.o(.text) for __aeabi_ui2d
    ultrasonic.o(i.TIMER3_IRQHandler) refers to ddiv.o(.text) for __aeabi_ddiv
    ultrasonic.o(i.TIMER3_IRQHandler) refers to dfixui.o(.text) for __aeabi_d2uiz
    ultrasonic.o(i.TIMER3_IRQHandler) refers to ultrasonic.o(.data) for ultrasonicSensorEdgeCount
    ultrasonic.o(i.Ultrasonic_Trigger_Timer_Init) refers to ultrasonic.o(i.__NVIC_EnableIRQ) for __NVIC_EnableIRQ
    ultrasonic.o(i.Ultrasonic_Trigger_Timer_Init) refers to ultrasonic.o(i.__NVIC_ClearPendingIRQ) for __NVIC_ClearPendingIRQ
    adc.o(i.ADC_GetLastValueLeft) refers to adc.o(.data) for ADC_New_Data_Available_Left
    adc.o(i.ADC_GetLastValueRight) refers to adc.o(.data) for ADC_New_Data_Available_Right
    adc.o(i.ADC_GetLastValueTrimpot) refers to adc.o(.data) for ADC_New_Data_Available_Trimpot
    adc.o(i.ADC_IRQHandler) refers to dfltui.o(.text) for __aeabi_ui2d
    adc.o(i.ADC_IRQHandler) refers to ddiv.o(.text) for __aeabi_ddiv
    adc.o(i.ADC_IRQHandler) refers to dfixui.o(.text) for __aeabi_d2uiz
    adc.o(i.ADC_IRQHandler) refers to adc.o(i.ADC_Stop) for ADC_Stop
    adc.o(i.ADC_IRQHandler) refers to adc.o(.data) for global
    adc.o(i.ADC_Init) refers to adc.o(.data) for tt
    adc.o(i.ADC_Start) refers to adc.o(.data) for start
    adc.o(i.ADC_Stop) refers to adc.o(.data) for stopp
    controller.o(i.getSpeed) refers to adc.o(i.ADC_GetLastValueTrimpot) for ADC_GetLastValueTrimpot
    controller.o(i.getSpeed) refers to dfltui.o(.text) for __aeabi_ui2d
    controller.o(i.getSpeed) refers to dmul.o(.text) for __aeabi_dmul
    controller.o(i.getSpeed) refers to ddiv.o(.text) for __aeabi_ddiv
    controller.o(i.getSpeed) refers to dadd.o(.text) for __aeabi_dadd
    controller.o(i.getSpeed) refers to dfixi.o(.text) for __aeabi_d2iz
    controller.o(i.getSpeed) refers to controller.o(.data) for tr
    controller.o(i.left_motor_direction) refers to controller.o(.data) for temp
    controller.o(i.moveBackward) refers to pwm.o(i.PWM_Cycle_Rate) for PWM_Cycle_Rate
    controller.o(i.moveBackward) refers to controller.o(i.left_motor_direction) for left_motor_direction
    controller.o(i.moveBackward) refers to controller.o(i.right_motor_direction) for right_motor_direction
    controller.o(i.moveBackward) refers to pwm.o(i.PWM_Wr1te) for PWM_Wr1te
    controller.o(i.moveBackward) refers to controller.o(i.getSpeed) for getSpeed
    controller.o(i.moveBackward) refers to pwm.o(i.PWM1_Wr1te) for PWM1_Wr1te
    controller.o(i.moveBackward) refers to controller.o(.data) for dir
    controller.o(i.moveForward) refers to pwm.o(i.PWM_Cycle_Rate) for PWM_Cycle_Rate
    controller.o(i.moveForward) refers to controller.o(i.left_motor_direction) for left_motor_direction
    controller.o(i.moveForward) refers to controller.o(i.right_motor_direction) for right_motor_direction
    controller.o(i.moveForward) refers to pwm.o(i.PWM_Wr1te) for PWM_Wr1te
    controller.o(i.moveForward) refers to controller.o(i.getSpeed) for getSpeed
    controller.o(i.moveForward) refers to pwm.o(i.PWM1_Wr1te) for PWM1_Wr1te
    controller.o(i.moveForward) refers to controller.o(.data) for dir
    controller.o(i.pointLeft) refers to controller.o(i.left_motor_direction) for left_motor_direction
    controller.o(i.pointLeft) refers to controller.o(i.right_motor_direction) for right_motor_direction
    controller.o(i.pointLeft) refers to pwm.o(i.PWM1_Wr1te) for PWM1_Wr1te
    controller.o(i.pointRight) refers to controller.o(i.left_motor_direction) for left_motor_direction
    controller.o(i.pointRight) refers to controller.o(i.right_motor_direction) for right_motor_direction
    controller.o(i.pointRight) refers to pwm.o(i.PWM1_Wr1te) for PWM1_Wr1te
    controller.o(i.right_motor_direction) refers to controller.o(.data) for temp
    controller.o(i.stop) refers to pwm.o(i.PWM_Wr1te) for PWM_Wr1te
    controller.o(i.stop) refers to pwm.o(i.PWM1_Wr1te) for PWM1_Wr1te
    controller.o(i.stop) refers to controller.o(.data) for dir
    controller.o(i.turnLeft) refers to controller.o(i.getSpeed) for getSpeed
    controller.o(i.turnLeft) refers to pwm.o(i.PWM_Wr1te) for PWM_Wr1te
    controller.o(i.turnLeft) refers to controller.o(i.right_motor_direction) for right_motor_direction
    controller.o(i.turnLeft) refers to controller.o(i.left_motor_direction) for left_motor_direction
    controller.o(i.turnLeft) refers to pwm.o(i.PWM1_Wr1te) for PWM1_Wr1te
    controller.o(i.turnLeft) refers to pwm.o(i.PWM_Cycle_Rate) for PWM_Cycle_Rate
    controller.o(i.turnLeft) refers to controller.o(.data) for dir
    controller.o(i.turnRight) refers to controller.o(i.getSpeed) for getSpeed
    controller.o(i.turnRight) refers to pwm.o(i.PWM_Wr1te) for PWM_Wr1te
    controller.o(i.turnRight) refers to controller.o(i.left_motor_direction) for left_motor_direction
    controller.o(i.turnRight) refers to controller.o(i.right_motor_direction) for right_motor_direction
    controller.o(i.turnRight) refers to pwm.o(i.PWM1_Wr1te) for PWM1_Wr1te
    controller.o(i.turnRight) refers to pwm.o(i.PWM_Cycle_Rate) for PWM_Cycle_Rate
    controller.o(i.turnRight) refers to controller.o(.data) for dir
    esp8266.o(i.ESP8266_Init) refers to gpio.o(i.GPIO_DIR_Write) for GPIO_DIR_Write
    esp8266.o(i.ESP8266_Init) refers to gpio.o(i.GPIO_PIN_Write) for GPIO_PIN_Write
    esp8266.o(i.ESP8266_Write) refers to esp8266.o(i.ESP8266_WriteData) for ESP8266_WriteData
    esp8266.o(i.ESP8266_readResponse) refers to esp8266.o(i.ESP8266_ReadData) for ESP8266_ReadData
    esp8266.o(i.ESP8266_readResponse) refers to esp8266.o(.data) for esp8266CurrentBufferIndex
    esp8266.o(i.ESP8266_readResponse) refers to esp8266.o(.bss) for esp8266Buffer
    esp8266.o(i.ESP8266_sendCommand) refers to esp8266.o(i.ESP8266_Write) for ESP8266_Write
    esp8266.o(i.ESP8266_sendCommand) refers to esp8266.o(.bss) for esp8266Response
    esp8266.o(i.ESP8266_sendCommand) refers to esp8266.o(.data) for esp8266CurrentBufferIndex
    esp8266.o(i.ESP8266_waitResponseEnd) refers to strstr.o(.text) for strstr
    esp8266.o(i.ESP8266_waitResponseEnd) refers to esp8266.o(.data) for esp8266CurrentBufferIndex
    esp8266.o(i.ESP8266_waitResponseEnd) refers to esp8266.o(.bss) for esp8266Buffer
    esp8266.o(i.UART3_IRQHandler) refers to esp8266.o(i.ESP8266_ReadData) for ESP8266_ReadData
    esp8266.o(i.UART3_IRQHandler) refers to esp8266.o(.bss) for esp8266Buffer
    esp8266.o(i.UART3_IRQHandler) refers to esp8266.o(.data) for esp8266CurrentBufferIndex
    led.o(i.LED1_Init) refers to gpio.o(i.GPIO_DIR_Write) for GPIO_DIR_Write
    led.o(i.LED1_Off) refers to gpio.o(i.GPIO_PIN_Write) for GPIO_PIN_Write
    led.o(i.LED1_On) refers to gpio.o(i.GPIO_PIN_Write) for GPIO_PIN_Write
    led.o(i.LED2_Init) refers to gpio.o(i.GPIO_DIR_Write) for GPIO_DIR_Write
    led.o(i.LED2_Off) refers to gpio.o(i.GPIO_PIN_Write) for GPIO_PIN_Write
    led.o(i.LED2_On) refers to gpio.o(i.GPIO_PIN_Write) for GPIO_PIN_Write
    led.o(i.LED3_Init) refers to gpio.o(i.GPIO_DIR_Write) for GPIO_DIR_Write
    led.o(i.LED3_Off) refers to gpio.o(i.GPIO_PIN_Write) for GPIO_PIN_Write
    led.o(i.LED3_On) refers to gpio.o(i.GPIO_PIN_Write) for GPIO_PIN_Write
    led.o(i.LED4_Init) refers to gpio.o(i.GPIO_DIR_Write) for GPIO_DIR_Write
    led.o(i.LED4_Off) refers to gpio.o(i.GPIO_PIN_Write) for GPIO_PIN_Write
    led.o(i.LED4_On) refers to gpio.o(i.GPIO_PIN_Write) for GPIO_PIN_Write
    serial.o(i.Serial_WriteData) refers to serial.o(.data) for serialTransmitCompleted
    serial.o(i.UART0_IRQHandler) refers to serial.o(i.Serial_ReadData) for Serial_ReadData
    serial.o(i.UART0_IRQHandler) refers to serial.o(i.Serial_WriteData) for Serial_WriteData
    serial.o(i.UART0_IRQHandler) refers to serial.o(.data) for serialReceivedCharacter
    wifi.o(i.WIFI_Init) refers to esp8266.o(i.ESP8266_Init) for ESP8266_Init
    wifi.o(i.WIFI_Init) refers to serial.o(i.Serial_WriteData) for Serial_WriteData
    wifi.o(i.WIFI_Init) refers to esp8266.o(i.ESP8266_sendCommand) for ESP8266_sendCommand
    wifi.o(i.WIFI_Init) refers to esp8266.o(i.ESP8266_waitResponseEnd) for ESP8266_waitResponseEnd
    wifi.o(i.WIFI_Init) refers to serial.o(.data) for serialTransmitData
    wifi.o(i.WIFI_Init) refers to esp8266.o(.bss) for esp8266Response
    i2c.o(i.I2C_Do_Read) refers to i2c.o(i.I2C_Wait_SI) for I2C_Wait_SI
    i2c.o(i.I2C_Do_Write) refers to i2c.o(i.I2C_Wait_SI) for I2C_Wait_SI
    i2c.o(i.I2C_Read) refers to i2c.o(i.I2C_ReadData) for I2C_ReadData
    i2c.o(i.I2C_ReadData) refers to i2c.o(i.I2C_Start) for I2C_Start
    i2c.o(i.I2C_ReadData) refers to i2c.o(i.I2C_Stop) for I2C_Stop
    i2c.o(i.I2C_ReadData) refers to i2c.o(i.I2C_Do_Write) for I2C_Do_Write
    i2c.o(i.I2C_ReadData) refers to i2c.o(i.I2C_Do_Read) for I2C_Do_Read
    i2c.o(i.I2C_Start) refers to i2c.o(i.I2C_Wait_SI) for I2C_Wait_SI
    i2c.o(i.I2C_Write) refers to i2c.o(i.I2C_WriteData) for I2C_WriteData
    i2c.o(i.I2C_WriteData) refers to i2c.o(i.I2C_Start) for I2C_Start
    i2c.o(i.I2C_WriteData) refers to i2c.o(i.I2C_Stop) for I2C_Stop
    i2c.o(i.I2C_WriteData) refers to i2c.o(i.I2C_Do_Write) for I2C_Do_Write
    startup_lpc407x_8x_177x_8x.o(RESET) refers to startup_lpc407x_8x_177x_8x.o(STACK) for __initial_sp
    startup_lpc407x_8x_177x_8x.o(RESET) refers to startup_lpc407x_8x_177x_8x.o(.text) for Reset_Handler
    startup_lpc407x_8x_177x_8x.o(RESET) refers to main.o(i.SysTick_Handler) for SysTick_Handler
    startup_lpc407x_8x_177x_8x.o(RESET) refers to ultrasonic.o(i.TIMER2_IRQHandler) for TIMER2_IRQHandler
    startup_lpc407x_8x_177x_8x.o(RESET) refers to ultrasonic.o(i.TIMER3_IRQHandler) for TIMER3_IRQHandler
    startup_lpc407x_8x_177x_8x.o(RESET) refers to serial.o(i.UART0_IRQHandler) for UART0_IRQHandler
    startup_lpc407x_8x_177x_8x.o(RESET) refers to esp8266.o(i.UART3_IRQHandler) for UART3_IRQHandler
    startup_lpc407x_8x_177x_8x.o(RESET) refers to adc.o(i.ADC_IRQHandler) for ADC_IRQHandler
    startup_lpc407x_8x_177x_8x.o(.text) refers to system_lpc407x_8x_177x_8x.o(i.SystemInit) for SystemInit
    startup_lpc407x_8x_177x_8x.o(.text) refers to entry.o(.ARM.Collect$$$$00000000) for __main
    system_lpc407x_8x_177x_8x.o(i.SystemCoreClockUpdate) refers to system_lpc407x_8x_177x_8x.o(.data) for SystemCoreClock
    system_lpc407x_8x_177x_8x.o(i.SystemInit) refers to system_lpc407x_8x_177x_8x.o(i.fpu_init) for fpu_init
    system_lpc407x_8x_177x_8x.o(i.SystemInit) refers to system_lpc407x_8x_177x_8x.o(i.SystemCoreClockUpdate) for SystemCoreClockUpdate
    entry.o(.ARM.Collect$$$$00000000) refers (Special) to entry10a.o(.ARM.Collect$$$$0000000D) for __rt_final_cpp
    entry.o(.ARM.Collect$$$$00000000) refers (Special) to entry11a.o(.ARM.Collect$$$$0000000F) for __rt_final_exit
    entry.o(.ARM.Collect$$$$00000000) refers (Special) to entry7b.o(.ARM.Collect$$$$00000008) for _main_clock
    entry.o(.ARM.Collect$$$$00000000) refers (Special) to entry8b.o(.ARM.Collect$$$$0000000A) for _main_cpp_init
    entry.o(.ARM.Collect$$$$00000000) refers (Special) to entry9a.o(.ARM.Collect$$$$0000000B) for _main_init
    entry.o(.ARM.Collect$$$$00000000) refers (Special) to entry5.o(.ARM.Collect$$$$00000004) for _main_scatterload
    entry.o(.ARM.Collect$$$$00000000) refers (Special) to entry2.o(.ARM.Collect$$$$00000001) for _main_stk
    dadd.o(.text) refers (Special) to iusefp.o(.text) for __I$use$fp
    dadd.o(.text) refers to llshl.o(.text) for __aeabi_llsl
    dadd.o(.text) refers to llsshr.o(.text) for __aeabi_lasr
    dadd.o(.text) refers to depilogue.o(.text) for _double_epilogue
    dmul.o(.text) refers (Special) to iusefp.o(.text) for __I$use$fp
    dmul.o(.text) refers to depilogue.o(.text) for _double_epilogue
    ddiv.o(.text) refers (Special) to iusefp.o(.text) for __I$use$fp
    ddiv.o(.text) refers to depilogue.o(.text) for _double_round
    dfltui.o(.text) refers (Special) to iusefp.o(.text) for __I$use$fp
    dfltui.o(.text) refers to depilogue.o(.text) for _double_epilogue
    dfixi.o(.text) refers (Special) to iusefp.o(.text) for __I$use$fp
    dfixi.o(.text) refers to llushr.o(.text) for __aeabi_llsr
    dfixui.o(.text) refers (Special) to iusefp.o(.text) for __I$use$fp
    dfixui.o(.text) refers to llushr.o(.text) for __aeabi_llsr
    entry2.o(.ARM.Collect$$$$00000001) refers to entry2.o(.ARM.Collect$$$$00002712) for __lit__00000000
    entry2.o(.ARM.Collect$$$$00002712) refers to startup_lpc407x_8x_177x_8x.o(STACK) for __initial_sp
    entry2.o(__vectab_stack_and_reset_area) refers to startup_lpc407x_8x_177x_8x.o(STACK) for __initial_sp
    entry2.o(__vectab_stack_and_reset_area) refers to entry.o(.ARM.Collect$$$$00000000) for __main
    entry5.o(.ARM.Collect$$$$00000004) refers to init.o(.text) for __scatterload
    entry9a.o(.ARM.Collect$$$$0000000B) refers to main.o(i.main) for main
    entry9b.o(.ARM.Collect$$$$0000000C) refers to main.o(i.main) for main
    depilogue.o(.text) refers to llshl.o(.text) for __aeabi_llsl
    depilogue.o(.text) refers to llushr.o(.text) for __aeabi_llsr
    init.o(.text) refers to entry5.o(.ARM.Collect$$$$00000004) for __main_after_scatterload


==============================================================================

Removing Unused input sections from the image.

    Removing main.o(.rev16_text), (4 bytes).
    Removing main.o(.revsh_text), (4 bytes).
    Removing main.o(.rrx_text), (6 bytes).
    Removing main.o(.bss), (100 bytes).
    Removing pwm.o(.rev16_text), (4 bytes).
    Removing pwm.o(.revsh_text), (4 bytes).
    Removing pwm.o(.rrx_text), (6 bytes).
    Removing pwm.o(i.PWM_Write), (28 bytes).
    Removing gpio.o(.rev16_text), (4 bytes).
    Removing gpio.o(.revsh_text), (4 bytes).
    Removing gpio.o(.rrx_text), (6 bytes).
    Removing joystick.o(.rev16_text), (4 bytes).
    Removing joystick.o(.revsh_text), (4 bytes).
    Removing joystick.o(.rrx_text), (6 bytes).
    Removing joystick.o(i.Joystick_Init), (60 bytes).
    Removing pll.o(.rev16_text), (4 bytes).
    Removing pll.o(.revsh_text), (4 bytes).
    Removing pll.o(.rrx_text), (6 bytes).
    Removing pll.o(i.PLL_Change_Configuration), (40 bytes).
    Removing pll.o(i.PLL_Change_Frequency), (12 bytes).
    Removing pll.o(i.PLL_Change_Source), (24 bytes).
    Removing pll.o(i.PLL_Check_State), (24 bytes).
    Removing pll.o(i.PLL_Disable), (24 bytes).
    Removing pll.o(i.PLL_Enable), (24 bytes).
    Removing pll.o(i.PLL_Feed), (24 bytes).
    Removing pll.o(i.PLL_Init), (44 bytes).
    Removing pll.o(i.PLL_Start), (60 bytes).
    Removing timer.o(.rev16_text), (4 bytes).
    Removing timer.o(.revsh_text), (4 bytes).
    Removing timer.o(.rrx_text), (6 bytes).
    Removing ultrasonic.o(.rev16_text), (4 bytes).
    Removing ultrasonic.o(.revsh_text), (4 bytes).
    Removing ultrasonic.o(.rrx_text), (6 bytes).
    Removing adc.o(.rev16_text), (4 bytes).
    Removing adc.o(.revsh_text), (4 bytes).
    Removing adc.o(.rrx_text), (6 bytes).
    Removing systemticktimer.o(.rev16_text), (4 bytes).
    Removing systemticktimer.o(.revsh_text), (4 bytes).
    Removing systemticktimer.o(.rrx_text), (6 bytes).
    Removing controller.o(.rev16_text), (4 bytes).
    Removing controller.o(.revsh_text), (4 bytes).
    Removing controller.o(.rrx_text), (6 bytes).
    Removing controller.o(i.pointLeft), (36 bytes).
    Removing controller.o(i.pointRight), (36 bytes).
    Removing esp8266.o(.rev16_text), (4 bytes).
    Removing esp8266.o(.revsh_text), (4 bytes).
    Removing esp8266.o(.rrx_text), (6 bytes).
    Removing esp8266.o(i.ESP8266_Init), (184 bytes).
    Removing esp8266.o(i.ESP8266_Write), (22 bytes).
    Removing esp8266.o(i.ESP8266_WriteData), (24 bytes).
    Removing esp8266.o(i.ESP8266_clearBuffer), (2 bytes).
    Removing esp8266.o(i.ESP8266_readResponse), (84 bytes).
    Removing esp8266.o(i.ESP8266_sendCommand), (60 bytes).
    Removing esp8266.o(i.ESP8266_waitResponseEnd), (208 bytes).
    Removing led.o(.rev16_text), (4 bytes).
    Removing led.o(.revsh_text), (4 bytes).
    Removing led.o(.rrx_text), (6 bytes).
    Removing led.o(i.LED1_On), (20 bytes).
    Removing led.o(i.LED2_On), (20 bytes).
    Removing led.o(i.LED3_On), (20 bytes).
    Removing led.o(i.LED4_On), (20 bytes).
    Removing serial.o(.rev16_text), (4 bytes).
    Removing serial.o(.revsh_text), (4 bytes).
    Removing serial.o(.rrx_text), (6 bytes).
    Removing wifi.o(.rev16_text), (4 bytes).
    Removing wifi.o(.revsh_text), (4 bytes).
    Removing wifi.o(.rrx_text), (6 bytes).
    Removing wifi.o(i.WIFI_Init), (352 bytes).
    Removing i2c.o(.rev16_text), (4 bytes).
    Removing i2c.o(.revsh_text), (4 bytes).
    Removing i2c.o(.rrx_text), (6 bytes).
    Removing i2c.o(i.I2C_Do_Read), (44 bytes).
    Removing i2c.o(i.I2C_Read), (40 bytes).
    Removing i2c.o(i.I2C_ReadData), (152 bytes).
    Removing startup_lpc407x_8x_177x_8x.o(HEAP), (0 bytes).
    Removing system_lpc407x_8x_177x_8x.o(.rev16_text), (4 bytes).
    Removing system_lpc407x_8x_177x_8x.o(.revsh_text), (4 bytes).
    Removing system_lpc407x_8x_177x_8x.o(.rrx_text), (6 bytes).

78 unused section(s) (total 2012 bytes) removed from the image.

==============================================================================

Image Symbol Table

    Local Symbols

    Symbol Name                              Value     Ov Type        Size  Object(Section)

    RESET                                    0x00000000   Section      228  startup_lpc407x_8x_177x_8x.o(RESET)
    ../clib/microlib/init/entry.s            0x00000000   Number         0  entry10a.o ABSOLUTE
    ../clib/microlib/init/entry.s            0x00000000   Number         0  entry9a.o ABSOLUTE
    ../clib/microlib/init/entry.s            0x00000000   Number         0  entry11b.o ABSOLUTE
    ../clib/microlib/init/entry.s            0x00000000   Number         0  entry5.o ABSOLUTE
    ../clib/microlib/init/entry.s            0x00000000   Number         0  entry8b.o ABSOLUTE
    ../clib/microlib/init/entry.s            0x00000000   Number         0  entry8a.o ABSOLUTE
    ../clib/microlib/init/entry.s            0x00000000   Number         0  entry11a.o ABSOLUTE
    ../clib/microlib/init/entry.s            0x00000000   Number         0  entry2.o ABSOLUTE
    ../clib/microlib/init/entry.s            0x00000000   Number         0  entry9b.o ABSOLUTE
    ../clib/microlib/init/entry.s            0x00000000   Number         0  entry7b.o ABSOLUTE
    ../clib/microlib/init/entry.s            0x00000000   Number         0  entry7a.o ABSOLUTE
    ../clib/microlib/init/entry.s            0x00000000   Number         0  entry10b.o ABSOLUTE
    ../clib/microlib/init/entry.s            0x00000000   Number         0  entry.o ABSOLUTE
    ../clib/microlib/longlong.c              0x00000000   Number         0  llsshr.o ABSOLUTE
    ../clib/microlib/longlong.c              0x00000000   Number         0  llushr.o ABSOLUTE
    ../clib/microlib/longlong.c              0x00000000   Number         0  llshl.o ABSOLUTE
    ../clib/microlib/string/strstr.c         0x00000000   Number         0  strstr.o ABSOLUTE
    ../clib/microlib/stubs.s                 0x00000000   Number         0  iusefp.o ABSOLUTE
    ../fplib/microlib/fpadd.c                0x00000000   Number         0  dadd.o ABSOLUTE
    ../fplib/microlib/fpdiv.c                0x00000000   Number         0  ddiv.o ABSOLUTE
    ../fplib/microlib/fpepilogue.c           0x00000000   Number         0  depilogue.o ABSOLUTE
    ../fplib/microlib/fpfix.c                0x00000000   Number         0  dfixui.o ABSOLUTE
    ../fplib/microlib/fpfix.c                0x00000000   Number         0  dfixi.o ABSOLUTE
    ../fplib/microlib/fpflt.c                0x00000000   Number         0  dfltui.o ABSOLUTE
    ../fplib/microlib/fpmul.c                0x00000000   Number         0  dmul.o ABSOLUTE
    Library\ADC.c                            0x00000000   Number         0  adc.o ABSOLUTE
    Library\Controller.c                     0x00000000   Number         0  controller.o ABSOLUTE
    Library\ESP8266.c                        0x00000000   Number         0  esp8266.o ABSOLUTE
    Library\GPIO.c                           0x00000000   Number         0  gpio.o ABSOLUTE
    Library\I2C.c                            0x00000000   Number         0  i2c.o ABSOLUTE
    Library\Joystick.c                       0x00000000   Number         0  joystick.o ABSOLUTE
    Library\LED.c                            0x00000000   Number         0  led.o ABSOLUTE
    Library\PLL.c                            0x00000000   Number         0  pll.o ABSOLUTE
    Library\PWM.c                            0x00000000   Number         0  pwm.o ABSOLUTE
    Library\Serial.c                         0x00000000   Number         0  serial.o ABSOLUTE
    Library\SystemTickTimer.c                0x00000000   Number         0  systemticktimer.o ABSOLUTE
    Library\Timer.c                          0x00000000   Number         0  timer.o ABSOLUTE
    Library\Ultrasonic.c                     0x00000000   Number         0  ultrasonic.o ABSOLUTE
    Library\WIFI.c                           0x00000000   Number         0  wifi.o ABSOLUTE
    Library\\ADC.c                           0x00000000   Number         0  adc.o ABSOLUTE
    Library\\Controller.c                    0x00000000   Number         0  controller.o ABSOLUTE
    Library\\ESP8266.c                       0x00000000   Number         0  esp8266.o ABSOLUTE
    Library\\GPIO.c                          0x00000000   Number         0  gpio.o ABSOLUTE
    Library\\I2C.c                           0x00000000   Number         0  i2c.o ABSOLUTE
    Library\\Joystick.c                      0x00000000   Number         0  joystick.o ABSOLUTE
    Library\\LED.c                           0x00000000   Number         0  led.o ABSOLUTE
    Library\\PLL.c                           0x00000000   Number         0  pll.o ABSOLUTE
    Library\\PWM.c                           0x00000000   Number         0  pwm.o ABSOLUTE
    Library\\Serial.c                        0x00000000   Number         0  serial.o ABSOLUTE
    Library\\SystemTickTimer.c               0x00000000   Number         0  systemticktimer.o ABSOLUTE
    Library\\Timer.c                         0x00000000   Number         0  timer.o ABSOLUTE
    Library\\Ultrasonic.c                    0x00000000   Number         0  ultrasonic.o ABSOLUTE
    Library\\WIFI.c                          0x00000000   Number         0  wifi.o ABSOLUTE
    RTE\Device\LPC4088FET208\startup_LPC407x_8x_177x_8x.s 0x00000000   Number         0  startup_lpc407x_8x_177x_8x.o ABSOLUTE
    RTE\Device\LPC4088FET208\system_LPC407x_8x_177x_8x.c 0x00000000   Number         0  system_lpc407x_8x_177x_8x.o ABSOLUTE
    RTE\\Device\\LPC4088FET208\\system_LPC407x_8x_177x_8x.c 0x00000000   Number         0  system_lpc407x_8x_177x_8x.o ABSOLUTE
    dc.s                                     0x00000000   Number         0  dc.o ABSOLUTE
    handlers.s                               0x00000000   Number         0  handlers.o ABSOLUTE
    init.s                                   0x00000000   Number         0  init.o ABSOLUTE
    main.c                                   0x00000000   Number         0  main.o ABSOLUTE
    main.c                                   0x00000000   Number         0  main.o ABSOLUTE
    .ARM.Collect$$$$00000000                 0x000000e4   Section        0  entry.o(.ARM.Collect$$$$00000000)
    .ARM.Collect$$$$00000001                 0x000000e4   Section        4  entry2.o(.ARM.Collect$$$$00000001)
    .ARM.Collect$$$$00000004                 0x000000e8   Section        4  entry5.o(.ARM.Collect$$$$00000004)
    .ARM.Collect$$$$00000008                 0x000000ec   Section        0  entry7b.o(.ARM.Collect$$$$00000008)
    .ARM.Collect$$$$0000000A                 0x000000ec   Section        0  entry8b.o(.ARM.Collect$$$$0000000A)
    .ARM.Collect$$$$0000000B                 0x000000ec   Section        8  entry9a.o(.ARM.Collect$$$$0000000B)
    .ARM.Collect$$$$0000000D                 0x000000f4   Section        0  entry10a.o(.ARM.Collect$$$$0000000D)
    .ARM.Collect$$$$0000000F                 0x000000f4   Section        0  entry11a.o(.ARM.Collect$$$$0000000F)
    .ARM.Collect$$$$00002712                 0x000000f4   Section        4  entry2.o(.ARM.Collect$$$$00002712)
    __lit__00000000                          0x000000f4   Data           4  entry2.o(.ARM.Collect$$$$00002712)
    .text                                    0x000000f8   Section       36  startup_lpc407x_8x_177x_8x.o(.text)
    $v0                                      0x000000f8   Number         0  startup_lpc407x_8x_177x_8x.o(.text)
    .text                                    0x0000011c   Section        0  dadd.o(.text)
    .text                                    0x0000026a   Section        0  dfltui.o(.text)
    .text                                    0x00000284   Section        0  dfixi.o(.text)
    .text                                    0x000002c2   Section        0  dfixui.o(.text)
    .text                                    0x000002f4   Section        0  iusefp.o(.text)
    i.SysTick_Handler                        0x000002f4   Section        0  main.o(i.SysTick_Handler)
    .ARM.__at_0x02FC                         0x000002fc   Section        4  startup_lpc407x_8x_177x_8x.o(.ARM.__at_0x02FC)
    .text                                    0x00000300   Section        0  dmul.o(.text)
    .text                                    0x000003e4   Section        0  ddiv.o(.text)
    .text                                    0x000004c2   Section        0  llshl.o(.text)
    .text                                    0x000004e0   Section        0  llushr.o(.text)
    .text                                    0x00000500   Section        0  llsshr.o(.text)
    .text                                    0x00000524   Section        0  depilogue.o(.text)
    .text                                    0x000005e0   Section       36  init.o(.text)
    i.ADC_GetLastValueLeft                   0x00000604   Section        0  adc.o(i.ADC_GetLastValueLeft)
    i.ADC_GetLastValueRight                  0x00000618   Section        0  adc.o(i.ADC_GetLastValueRight)
    i.ADC_GetLastValueTrimpot                0x0000062c   Section        0  adc.o(i.ADC_GetLastValueTrimpot)
    i.ADC_IRQHandler                         0x00000640   Section        0  adc.o(i.ADC_IRQHandler)
    i.ADC_Init                               0x00000794   Section        0  adc.o(i.ADC_Init)
    i.ADC_Start                              0x00000894   Section        0  adc.o(i.ADC_Start)
    i.ADC_Stop                               0x000008b8   Section        0  adc.o(i.ADC_Stop)
    i.ESP8266_ReadData                       0x000008dc   Section        0  esp8266.o(i.ESP8266_ReadData)
    i.GPIO_DIR_Write                         0x000008f4   Section        0  gpio.o(i.GPIO_DIR_Write)
    i.GPIO_PIN_Read                          0x00000906   Section        0  gpio.o(i.GPIO_PIN_Read)
    i.GPIO_PIN_Write                         0x00000910   Section        0  gpio.o(i.GPIO_PIN_Write)
    i.I2C_Do_Write                           0x00000924   Section        0  i2c.o(i.I2C_Do_Write)
    i.I2C_Init                               0x00000940   Section        0  i2c.o(i.I2C_Init)
    i.I2C_Start                              0x00000990   Section        0  i2c.o(i.I2C_Start)
    i.I2C_Stop                               0x000009c0   Section        0  i2c.o(i.I2C_Stop)
    i.I2C_Wait_SI                            0x000009f8   Section        0  i2c.o(i.I2C_Wait_SI)
    i.I2C_Write                              0x00000a24   Section        0  i2c.o(i.I2C_Write)
    i.I2C_WriteData                          0x00000a4c   Section        0  i2c.o(i.I2C_WriteData)
    i.Joystick_Center_Pressed                0x00000ab8   Section        0  joystick.o(i.Joystick_Center_Pressed)
    i.Joystick_Down_Pressed                  0x00000ad0   Section        0  joystick.o(i.Joystick_Down_Pressed)
    i.Joystick_Left_Pressed                  0x00000ae8   Section        0  joystick.o(i.Joystick_Left_Pressed)
    i.Joystick_Right_Pressed                 0x00000b00   Section        0  joystick.o(i.Joystick_Right_Pressed)
    i.Joystick_Up_Pressed                    0x00000b18   Section        0  joystick.o(i.Joystick_Up_Pressed)
    i.LDRState                               0x00000b30   Section        0  main.o(i.LDRState)
    i.LED1_Init                              0x00000bbc   Section        0  led.o(i.LED1_Init)
    i.LED1_Off                               0x00000bd0   Section        0  led.o(i.LED1_Off)
    i.LED2_Init                              0x00000be4   Section        0  led.o(i.LED2_Init)
    i.LED2_Off                               0x00000bf8   Section        0  led.o(i.LED2_Off)
    i.LED3_Init                              0x00000c0c   Section        0  led.o(i.LED3_Init)
    i.LED3_Off                               0x00000c20   Section        0  led.o(i.LED3_Off)
    i.LED4_Init                              0x00000c34   Section        0  led.o(i.LED4_Init)
    i.LED4_Off                               0x00000c48   Section        0  led.o(i.LED4_Off)
    i.PWM1_Cycle_Rate                        0x00000c5c   Section        0  pwm.o(i.PWM1_Cycle_Rate)
    i.PWM1_Wr1te                             0x00000c78   Section        0  pwm.o(i.PWM1_Wr1te)
    i.PWM_Cycle_Rate                         0x00000ce8   Section        0  pwm.o(i.PWM_Cycle_Rate)
    i.PWM_Init                               0x00000d04   Section        0  pwm.o(i.PWM_Init)
    i.PWM_Wr1te                              0x00000e5c   Section        0  pwm.o(i.PWM_Wr1te)
    i.Serial_Init                            0x00000ee4   Section        0  serial.o(i.Serial_Init)
    i.Serial_ReadData                        0x00000f98   Section        0  serial.o(i.Serial_ReadData)
    i.Serial_WriteData                       0x00000fa4   Section        0  serial.o(i.Serial_WriteData)
    i.SysTick_Init                           0x00000fb8   Section        0  systemticktimer.o(i.SysTick_Init)
    i.SystemCoreClockUpdate                  0x00000fd4   Section        0  system_lpc407x_8x_177x_8x.o(i.SystemCoreClockUpdate)
    i.SystemInit                             0x000012a8   Section        0  system_lpc407x_8x_177x_8x.o(i.SystemInit)
    i.TIMER2_IRQHandler                      0x00001394   Section        0  ultrasonic.o(i.TIMER2_IRQHandler)
    i.TIMER3_IRQHandler                      0x000013e8   Section        0  ultrasonic.o(i.TIMER3_IRQHandler)
    i.UART0_IRQHandler                       0x000014cc   Section        0  serial.o(i.UART0_IRQHandler)
    i.UART3_IRQHandler                       0x00001520   Section        0  esp8266.o(i.UART3_IRQHandler)
    i.Ulrasonic_Start_Trigger                0x00001544   Section        0  ultrasonic.o(i.Ulrasonic_Start_Trigger)
    i.Ultrasonic_Capture_Timer_Init          0x00001570   Section        0  ultrasonic.o(i.Ultrasonic_Capture_Timer_Init)
    i.Ultrasonic_Trigger_Timer_Init          0x000015d8   Section        0  ultrasonic.o(i.Ultrasonic_Trigger_Timer_Init)
    i.__NVIC_ClearPendingIRQ                 0x00001668   Section        0  ultrasonic.o(i.__NVIC_ClearPendingIRQ)
    __NVIC_ClearPendingIRQ                   0x00001669   Thumb Code    22  ultrasonic.o(i.__NVIC_ClearPendingIRQ)
    i.__NVIC_EnableIRQ                       0x00001684   Section        0  ultrasonic.o(i.__NVIC_EnableIRQ)
    __NVIC_EnableIRQ                         0x00001685   Thumb Code    26  ultrasonic.o(i.__NVIC_EnableIRQ)
    i.__scatterload_copy                     0x0000169e   Section       14  handlers.o(i.__scatterload_copy)
    i.__scatterload_null                     0x000016ac   Section        2  handlers.o(i.__scatterload_null)
    i.__scatterload_zeroinit                 0x000016ae   Section       14  handlers.o(i.__scatterload_zeroinit)
    i.followRoad                             0x000016bc   Section        0  main.o(i.followRoad)
    i.followWIFI                             0x000016ca   Section        0  main.o(i.followWIFI)
    i.fpu_init                               0x000016d8   Section        0  system_lpc407x_8x_177x_8x.o(i.fpu_init)
    i.getSpeed                               0x00001728   Section        0  controller.o(i.getSpeed)
    i.init                                   0x00001790   Section        0  main.o(i.init)
    i.joystick_handler                       0x00001824   Section        0  main.o(i.joystick_handler)
    i.ldr_handler                            0x00001874   Section        0  main.o(i.ldr_handler)
    i.left_motor_direction                   0x000018cc   Section        0  controller.o(i.left_motor_direction)
    i.main                                   0x00001924   Section        0  main.o(i.main)
    i.moveBackward                           0x0000194c   Section        0  controller.o(i.moveBackward)
    i.moveForward                            0x000019ac   Section        0  controller.o(i.moveForward)
    i.powerDown                              0x00001a0c   Section        0  controller.o(i.powerDown)
    i.right_motor_direction                  0x00001a34   Section        0  controller.o(i.right_motor_direction)
    i.select_scenario                        0x00001a8c   Section        0  main.o(i.select_scenario)
    i.sensor_handler                         0x00001ac0   Section        0  main.o(i.sensor_handler)
    i.stop                                   0x00001b0c   Section        0  controller.o(i.stop)
    i.turnLeft                               0x00001b48   Section        0  controller.o(i.turnLeft)
    i.turnRight                              0x00001ba8   Section        0  controller.o(i.turnRight)
    i.update                                 0x00001c08   Section        0  main.o(i.update)
    .conststrlit                             0x00001ce8   Section        3  main.o(.conststrlit)
    .data                                    0x10000000   Section       56  main.o(.data)
    .data                                    0x10000038   Section        4  pwm.o(.data)
    .data                                    0x1000003c   Section       24  ultrasonic.o(.data)
    .data                                    0x10000054   Section       56  adc.o(.data)
    .data                                    0x1000008c   Section       12  controller.o(.data)
    .data                                    0x10000098   Section        3  esp8266.o(.data)
    .data                                    0x1000009c   Section        6  serial.o(.data)
    .data                                    0x100000a4   Section       16  system_lpc407x_8x_177x_8x.o(.data)
    .bss                                     0x100000b4   Section      512  esp8266.o(.bss)
    STACK                                    0x100002b8   Section     1024  startup_lpc407x_8x_177x_8x.o(STACK)

    Global Symbols

    Symbol Name                              Value     Ov Type        Size  Object(Section)

    BuildAttributes$$THM_ISAv4$E$P$D$K$B$S$7EM$VFPi3$EXTD16$VFPS$VFMA$PE$A:L22UL41UL21$X:L11$S22US41US21$IEEE1$IW$USESV6$~STKCKD$USESV7$~SHL$OSPACE$ROPI$EBA8$MICROLIB$REQ8$PRES8$EABIv2 0x00000000   Number         0  anon$$obj.o ABSOLUTE
    __ARM_use_no_argv                        0x00000000   Number         0  main.o ABSOLUTE
    __Vectors                                0x00000000   Data           4  startup_lpc407x_8x_177x_8x.o(RESET)
    __cpp_initialize__aeabi_                  - Undefined Weak Reference
    __cxa_finalize                            - Undefined Weak Reference
    __decompress                              - Undefined Weak Reference
    _clock_init                               - Undefined Weak Reference
    _microlib_exit                            - Undefined Weak Reference
    __main                                   0x000000e5   Thumb Code     0  entry.o(.ARM.Collect$$$$00000000)
    _main_stk                                0x000000e5   Thumb Code     0  entry2.o(.ARM.Collect$$$$00000001)
    _main_scatterload                        0x000000e9   Thumb Code     0  entry5.o(.ARM.Collect$$$$00000004)
    __main_after_scatterload                 0x000000ed   Thumb Code     0  entry5.o(.ARM.Collect$$$$00000004)
    _main_clock                              0x000000ed   Thumb Code     0  entry7b.o(.ARM.Collect$$$$00000008)
    _main_cpp_init                           0x000000ed   Thumb Code     0  entry8b.o(.ARM.Collect$$$$0000000A)
    _main_init                               0x000000ed   Thumb Code     0  entry9a.o(.ARM.Collect$$$$0000000B)
    __rt_final_cpp                           0x000000f5   Thumb Code     0  entry10a.o(.ARM.Collect$$$$0000000D)
    __rt_final_exit                          0x000000f5   Thumb Code     0  entry11a.o(.ARM.Collect$$$$0000000F)
    Reset_Handler                            0x000000f9   Thumb Code     8  startup_lpc407x_8x_177x_8x.o(.text)
    NMI_Handler                              0x00000101   Thumb Code     2  startup_lpc407x_8x_177x_8x.o(.text)
    HardFault_Handler                        0x00000103   Thumb Code     2  startup_lpc407x_8x_177x_8x.o(.text)
    MemManage_Handler                        0x00000105   Thumb Code     2  startup_lpc407x_8x_177x_8x.o(.text)
    BusFault_Handler                         0x00000107   Thumb Code     2  startup_lpc407x_8x_177x_8x.o(.text)
    UsageFault_Handler                       0x00000109   Thumb Code     2  startup_lpc407x_8x_177x_8x.o(.text)
    SVC_Handler                              0x0000010b   Thumb Code     2  startup_lpc407x_8x_177x_8x.o(.text)
    DebugMon_Handler                         0x0000010d   Thumb Code     2  startup_lpc407x_8x_177x_8x.o(.text)
    PendSV_Handler                           0x0000010f   Thumb Code     2  startup_lpc407x_8x_177x_8x.o(.text)
    BOD_IRQHandler                           0x00000113   Thumb Code     0  startup_lpc407x_8x_177x_8x.o(.text)
    CANActivity_IRQHandler                   0x00000113   Thumb Code     0  startup_lpc407x_8x_177x_8x.o(.text)
    CAN_IRQHandler                           0x00000113   Thumb Code     0  startup_lpc407x_8x_177x_8x.o(.text)
    DMA_IRQHandler                           0x00000113   Thumb Code     0  startup_lpc407x_8x_177x_8x.o(.text)
    EEPROM_IRQHandler                        0x00000113   Thumb Code     0  startup_lpc407x_8x_177x_8x.o(.text)
    EINT0_IRQHandler                         0x00000113   Thumb Code     0  startup_lpc407x_8x_177x_8x.o(.text)
    EINT1_IRQHandler                         0x00000113   Thumb Code     0  startup_lpc407x_8x_177x_8x.o(.text)
    EINT2_IRQHandler                         0x00000113   Thumb Code     0  startup_lpc407x_8x_177x_8x.o(.text)
    EINT3_IRQHandler                         0x00000113   Thumb Code     0  startup_lpc407x_8x_177x_8x.o(.text)
    ENET_IRQHandler                          0x00000113   Thumb Code     0  startup_lpc407x_8x_177x_8x.o(.text)
    GPIO_IRQHandler                          0x00000113   Thumb Code     0  startup_lpc407x_8x_177x_8x.o(.text)
    I2C0_IRQHandler                          0x00000113   Thumb Code     0  startup_lpc407x_8x_177x_8x.o(.text)
    I2C1_IRQHandler                          0x00000113   Thumb Code     0  startup_lpc407x_8x_177x_8x.o(.text)
    I2C2_IRQHandler                          0x00000113   Thumb Code     0  startup_lpc407x_8x_177x_8x.o(.text)
    I2S_IRQHandler                           0x00000113   Thumb Code     0  startup_lpc407x_8x_177x_8x.o(.text)
    LCD_IRQHandler                           0x00000113   Thumb Code     0  startup_lpc407x_8x_177x_8x.o(.text)
    MCI_IRQHandler                           0x00000113   Thumb Code     0  startup_lpc407x_8x_177x_8x.o(.text)
    MCPWM_IRQHandler                         0x00000113   Thumb Code     0  startup_lpc407x_8x_177x_8x.o(.text)
    PLL0_IRQHandler                          0x00000113   Thumb Code     0  startup_lpc407x_8x_177x_8x.o(.text)
    PLL1_IRQHandler                          0x00000113   Thumb Code     0  startup_lpc407x_8x_177x_8x.o(.text)
    PWM0_IRQHandler                          0x00000113   Thumb Code     0  startup_lpc407x_8x_177x_8x.o(.text)
    PWM1_IRQHandler                          0x00000113   Thumb Code     0  startup_lpc407x_8x_177x_8x.o(.text)
    QEI_IRQHandler                           0x00000113   Thumb Code     0  startup_lpc407x_8x_177x_8x.o(.text)
    RTC_IRQHandler                           0x00000113   Thumb Code     0  startup_lpc407x_8x_177x_8x.o(.text)
    SSP0_IRQHandler                          0x00000113   Thumb Code     0  startup_lpc407x_8x_177x_8x.o(.text)
    SSP1_IRQHandler                          0x00000113   Thumb Code     0  startup_lpc407x_8x_177x_8x.o(.text)
    SSP2_IRQHandler                          0x00000113   Thumb Code     0  startup_lpc407x_8x_177x_8x.o(.text)
    TIMER0_IRQHandler                        0x00000113   Thumb Code     0  startup_lpc407x_8x_177x_8x.o(.text)
    TIMER1_IRQHandler                        0x00000113   Thumb Code     0  startup_lpc407x_8x_177x_8x.o(.text)
    UART1_IRQHandler                         0x00000113   Thumb Code     0  startup_lpc407x_8x_177x_8x.o(.text)
    UART2_IRQHandler                         0x00000113   Thumb Code     0  startup_lpc407x_8x_177x_8x.o(.text)
    UART4_IRQHandler                         0x00000113   Thumb Code     0  startup_lpc407x_8x_177x_8x.o(.text)
    USBActivity_IRQHandler                   0x00000113   Thumb Code     0  startup_lpc407x_8x_177x_8x.o(.text)
    USB_IRQHandler                           0x00000113   Thumb Code     0  startup_lpc407x_8x_177x_8x.o(.text)
    WDT_IRQHandler                           0x00000113   Thumb Code     0  startup_lpc407x_8x_177x_8x.o(.text)
    __aeabi_dadd                             0x0000011d   Thumb Code   322  dadd.o(.text)
    __aeabi_dsub                             0x0000025f   Thumb Code     6  dadd.o(.text)
    __aeabi_drsub                            0x00000265   Thumb Code     6  dadd.o(.text)
    __aeabi_ui2d                             0x0000026b   Thumb Code    26  dfltui.o(.text)
    __aeabi_d2iz                             0x00000285   Thumb Code    62  dfixi.o(.text)
    __aeabi_d2uiz                            0x000002c3   Thumb Code    50  dfixui.o(.text)
    SysTick_Handler                          0x000002f5   Thumb Code     8  main.o(i.SysTick_Handler)
    __I$use$fp                               0x000002f5   Thumb Code     0  iusefp.o(.text)
    __aeabi_dmul                             0x00000301   Thumb Code   228  dmul.o(.text)
    __aeabi_ddiv                             0x000003e5   Thumb Code   222  ddiv.o(.text)
    __aeabi_llsl                             0x000004c3   Thumb Code    30  llshl.o(.text)
    _ll_shift_l                              0x000004c3   Thumb Code     0  llshl.o(.text)
    __aeabi_llsr                             0x000004e1   Thumb Code    32  llushr.o(.text)
    _ll_ushift_r                             0x000004e1   Thumb Code     0  llushr.o(.text)
    __aeabi_lasr                             0x00000501   Thumb Code    36  llsshr.o(.text)
    _ll_sshift_r                             0x00000501   Thumb Code     0  llsshr.o(.text)
    _double_round                            0x00000525   Thumb Code    30  depilogue.o(.text)
    _double_epilogue                         0x00000543   Thumb Code   156  depilogue.o(.text)
    __scatterload                            0x000005e1   Thumb Code    28  init.o(.text)
    __scatterload_rt2                        0x000005e1   Thumb Code     0  init.o(.text)
    ADC_GetLastValueLeft                     0x00000605   Thumb Code    12  adc.o(i.ADC_GetLastValueLeft)
    ADC_GetLastValueRight                    0x00000619   Thumb Code    12  adc.o(i.ADC_GetLastValueRight)
    ADC_GetLastValueTrimpot                  0x0000062d   Thumb Code    12  adc.o(i.ADC_GetLastValueTrimpot)
    ADC_IRQHandler                           0x00000641   Thumb Code   272  adc.o(i.ADC_IRQHandler)
    ADC_Init                                 0x00000795   Thumb Code   238  adc.o(i.ADC_Init)
    ADC_Start                                0x00000895   Thumb Code    28  adc.o(i.ADC_Start)
    ADC_Stop                                 0x000008b9   Thumb Code    28  adc.o(i.ADC_Stop)
    ESP8266_ReadData                         0x000008dd   Thumb Code    20  esp8266.o(i.ESP8266_ReadData)
    GPIO_DIR_Write                           0x000008f5   Thumb Code    18  gpio.o(i.GPIO_DIR_Write)
    GPIO_PIN_Read                            0x00000907   Thumb Code    10  gpio.o(i.GPIO_PIN_Read)
    GPIO_PIN_Write                           0x00000911   Thumb Code    18  gpio.o(i.GPIO_PIN_Write)
    I2C_Do_Write                             0x00000925   Thumb Code    24  i2c.o(i.I2C_Do_Write)
    I2C_Init                                 0x00000941   Thumb Code    66  i2c.o(i.I2C_Init)
    I2C_Start                                0x00000991   Thumb Code    42  i2c.o(i.I2C_Start)
    I2C_Stop                                 0x000009c1   Thumb Code    48  i2c.o(i.I2C_Stop)
    I2C_Wait_SI                              0x000009f9   Thumb Code    34  i2c.o(i.I2C_Wait_SI)
    I2C_Write                                0x00000a25   Thumb Code    40  i2c.o(i.I2C_Write)
    I2C_WriteData                            0x00000a4d   Thumb Code   108  i2c.o(i.I2C_WriteData)
    Joystick_Center_Pressed                  0x00000ab9   Thumb Code    20  joystick.o(i.Joystick_Center_Pressed)
    Joystick_Down_Pressed                    0x00000ad1   Thumb Code    20  joystick.o(i.Joystick_Down_Pressed)
    Joystick_Left_Pressed                    0x00000ae9   Thumb Code    20  joystick.o(i.Joystick_Left_Pressed)
    Joystick_Right_Pressed                   0x00000b01   Thumb Code    20  joystick.o(i.Joystick_Right_Pressed)
    Joystick_Up_Pressed                      0x00000b19   Thumb Code    20  joystick.o(i.Joystick_Up_Pressed)
    LDRState                                 0x00000b31   Thumb Code   122  main.o(i.LDRState)
    LED1_Init                                0x00000bbd   Thumb Code    14  led.o(i.LED1_Init)
    LED1_Off                                 0x00000bd1   Thumb Code    14  led.o(i.LED1_Off)
    LED2_Init                                0x00000be5   Thumb Code    14  led.o(i.LED2_Init)
    LED2_Off                                 0x00000bf9   Thumb Code    14  led.o(i.LED2_Off)
    LED3_Init                                0x00000c0d   Thumb Code    14  led.o(i.LED3_Init)
    LED3_Off                                 0x00000c21   Thumb Code    16  led.o(i.LED3_Off)
    LED4_Init                                0x00000c35   Thumb Code    14  led.o(i.LED4_Init)
    LED4_Off                                 0x00000c49   Thumb Code    16  led.o(i.LED4_Off)
    PWM1_Cycle_Rate                          0x00000c5d   Thumb Code    22  pwm.o(i.PWM1_Cycle_Rate)
    PWM1_Wr1te                               0x00000c79   Thumb Code   104  pwm.o(i.PWM1_Wr1te)
    PWM_Cycle_Rate                           0x00000ce9   Thumb Code    22  pwm.o(i.PWM_Cycle_Rate)
    PWM_Init                                 0x00000d05   Thumb Code   324  pwm.o(i.PWM_Init)
    PWM_Wr1te                                0x00000e5d   Thumb Code   128  pwm.o(i.PWM_Wr1te)
    Serial_Init                              0x00000ee5   Thumb Code   158  serial.o(i.Serial_Init)
    Serial_ReadData                          0x00000f99   Thumb Code     6  serial.o(i.Serial_ReadData)
    Serial_WriteData                         0x00000fa5   Thumb Code    12  serial.o(i.Serial_WriteData)
    SysTick_Init                             0x00000fb9   Thumb Code    24  systemticktimer.o(i.SysTick_Init)
    SystemCoreClockUpdate                    0x00000fd5   Thumb Code   696  system_lpc407x_8x_177x_8x.o(i.SystemCoreClockUpdate)
    SystemInit                               0x000012a9   Thumb Code   220  system_lpc407x_8x_177x_8x.o(i.SystemInit)
    TIMER2_IRQHandler                        0x00001395   Thumb Code    72  ultrasonic.o(i.TIMER2_IRQHandler)
    TIMER3_IRQHandler                        0x000013e9   Thumb Code   196  ultrasonic.o(i.TIMER3_IRQHandler)
    UART0_IRQHandler                         0x000014cd   Thumb Code    68  serial.o(i.UART0_IRQHandler)
    UART3_IRQHandler                         0x00001521   Thumb Code    28  esp8266.o(i.UART3_IRQHandler)
    Ulrasonic_Start_Trigger                  0x00001545   Thumb Code    38  ultrasonic.o(i.Ulrasonic_Start_Trigger)
    Ultrasonic_Capture_Timer_Init            0x00001571   Thumb Code    90  ultrasonic.o(i.Ultrasonic_Capture_Timer_Init)
    Ultrasonic_Trigger_Timer_Init            0x000015d9   Thumb Code   122  ultrasonic.o(i.Ultrasonic_Trigger_Timer_Init)
    __scatterload_copy                       0x0000169f   Thumb Code    14  handlers.o(i.__scatterload_copy)
    __scatterload_null                       0x000016ad   Thumb Code     2  handlers.o(i.__scatterload_null)
    __scatterload_zeroinit                   0x000016af   Thumb Code    14  handlers.o(i.__scatterload_zeroinit)
    followRoad                               0x000016bd   Thumb Code    14  main.o(i.followRoad)
    followWIFI                               0x000016cb   Thumb Code    14  main.o(i.followWIFI)
    fpu_init                                 0x000016d9   Thumb Code    62  system_lpc407x_8x_177x_8x.o(i.fpu_init)
    getSpeed                                 0x00001729   Thumb Code    84  controller.o(i.getSpeed)
    init                                     0x00001791   Thumb Code   136  main.o(i.init)
    joystick_handler                         0x00001825   Thumb Code    78  main.o(i.joystick_handler)
    ldr_handler                              0x00001875   Thumb Code    78  main.o(i.ldr_handler)
    left_motor_direction                     0x000018cd   Thumb Code    78  controller.o(i.left_motor_direction)
    main                                     0x00001925   Thumb Code    34  main.o(i.main)
    moveBackward                             0x0000194d   Thumb Code    90  controller.o(i.moveBackward)
    moveForward                              0x000019ad   Thumb Code    90  controller.o(i.moveForward)
    powerDown                                0x00001a0d   Thumb Code    30  controller.o(i.powerDown)
    right_motor_direction                    0x00001a35   Thumb Code    78  controller.o(i.right_motor_direction)
    select_scenario                          0x00001a8d   Thumb Code    52  main.o(i.select_scenario)
    sensor_handler                           0x00001ac1   Thumb Code    68  main.o(i.sensor_handler)
    stop                                     0x00001b0d   Thumb Code    56  controller.o(i.stop)
    turnLeft                                 0x00001b49   Thumb Code    90  controller.o(i.turnLeft)
    turnRight                                0x00001ba9   Thumb Code    90  controller.o(i.turnRight)
    update                                   0x00001c09   Thumb Code   202  main.o(i.update)
    Region$$Table$$Base                      0x00001cec   Number         0  anon$$obj.o(Region$$Table)
    Region$$Table$$Limit                     0x00001d0c   Number         0  anon$$obj.o(Region$$Table)
    atHttpGetCmd                             0x10000000   Data           4  main.o(.data)
    length                                   0x10000004   Data           4  main.o(.data)
    i                                        0x10000008   Data           4  main.o(.data)
    out                                      0x1000000c   Data           4  main.o(.data)
    joystick                                 0x10000010   Data           4  main.o(.data)
    left                                     0x10000014   Data           4  main.o(.data)
    right                                    0x10000018   Data           4  main.o(.data)
    ldrState                                 0x1000001c   Data           4  main.o(.data)
    turn                                     0x10000020   Data           4  main.o(.data)
    speed                                    0x10000024   Data           4  main.o(.data)
    scenario                                 0x10000028   Data           4  main.o(.data)
    tempscenario                             0x1000002c   Data           4  main.o(.data)
    forward                                  0x10000030   Data           4  main.o(.data)
    wakeUp                                   0x10000034   Data           4  main.o(.data)
    mr_address                               0x10000038   Data           4  pwm.o(.data)
    isUltrasonicSensorTriggerEnded           0x1000003c   Data           1  ultrasonic.o(.data)
    ultrasonicSensorEdgeCount                0x1000003d   Data           1  ultrasonic.o(.data)
    ultrasonicSensorRisingTime               0x10000040   Data           4  ultrasonic.o(.data)
    ultrasonicSensorFallingTime              0x10000044   Data           4  ultrasonic.o(.data)
    ultrasonicSensorDuration                 0x10000048   Data           4  ultrasonic.o(.data)
    ultrasonicSensorDistance                 0x1000004c   Data           4  ultrasonic.o(.data)
    distance                                 0x10000050   Data           4  ultrasonic.o(.data)
    stopp                                    0x10000054   Data           4  adc.o(.data)
    start                                    0x10000058   Data           4  adc.o(.data)
    tt                                       0x1000005c   Data           4  adc.o(.data)
    ADC_Last_Left                            0x10000060   Data           4  adc.o(.data)
    ADC_Last_Right                           0x10000064   Data           4  adc.o(.data)
    ADC_Last_Trimpot                         0x10000068   Data           4  adc.o(.data)
    ADC_New_Data_Available_Left              0x1000006c   Data           1  adc.o(.data)
    ADC_New_Data_Available_Right             0x1000006d   Data           1  adc.o(.data)
    ADC_New_Data_Available_Trimpot           0x1000006e   Data           1  adc.o(.data)
    global                                   0x10000070   Data           4  adc.o(.data)
    channel                                  0x10000074   Data           1  adc.o(.data)
    result                                   0x10000078   Data           4  adc.o(.data)
    done                                     0x1000007c   Data           4  adc.o(.data)
    count4                                   0x10000080   Data           1  adc.o(.data)
    count5                                   0x10000081   Data           1  adc.o(.data)
    sum4                                     0x10000084   Data           4  adc.o(.data)
    sum5                                     0x10000088   Data           4  adc.o(.data)
    temp                                     0x1000008c   Data           4  controller.o(.data)
    dir                                      0x10000090   Data           4  controller.o(.data)
    tr                                       0x10000094   Data           4  controller.o(.data)
    esp8266CurrentBufferIndex                0x10000098   Data           1  esp8266.o(.data)
    esp8266ResponseStartIndex                0x10000099   Data           1  esp8266.o(.data)
    esp8266ResponseCurrentIndex              0x1000009a   Data           1  esp8266.o(.data)
    serialTransmitData                       0x1000009c   Data           4  serial.o(.data)
    serialTransmitCompleted                  0x100000a0   Data           1  serial.o(.data)
    serialReceivedCharacter                  0x100000a1   Data           1  serial.o(.data)
    SystemCoreClock                          0x100000a4   Data           4  system_lpc407x_8x_177x_8x.o(.data)
    PeripheralClock                          0x100000a8   Data           4  system_lpc407x_8x_177x_8x.o(.data)
    EMCClock                                 0x100000ac   Data           4  system_lpc407x_8x_177x_8x.o(.data)
    USBClock                                 0x100000b0   Data           4  system_lpc407x_8x_177x_8x.o(.data)
    esp8266Buffer                            0x100000b4   Data         256  esp8266.o(.bss)
    esp8266Response                          0x100001b4   Data         256  esp8266.o(.bss)
    __initial_sp                             0x100006b8   Data           0  startup_lpc407x_8x_177x_8x.o(STACK)



==============================================================================

Memory Map of the image

  Image Entry point : 0x000000f9

  Load Region LR_1 (Base: 0x00000000, Size: 0x00001dc0, Max: 0xffffffff, ABSOLUTE)

    Execution Region ER_RO (Exec base: 0x00000000, Load base: 0x00000000, Size: 0x00001d0c, Max: 0xffffffff, ABSOLUTE)

    Exec Addr    Load Addr    Size         Type   Attr      Idx    E Section Name        Object

    0x00000000   0x00000000   0x000000e4   Data   RO         1025    RESET               startup_lpc407x_8x_177x_8x.o
    0x000000e4   0x000000e4   0x00000000   Code   RO         1075  * .ARM.Collect$$$$00000000  mc_w.l(entry.o)
    0x000000e4   0x000000e4   0x00000004   Code   RO         1092    .ARM.Collect$$$$00000001  mc_w.l(entry2.o)
    0x000000e8   0x000000e8   0x00000004   Code   RO         1095    .ARM.Collect$$$$00000004  mc_w.l(entry5.o)
    0x000000ec   0x000000ec   0x00000000   Code   RO         1097    .ARM.Collect$$$$00000008  mc_w.l(entry7b.o)
    0x000000ec   0x000000ec   0x00000000   Code   RO         1099    .ARM.Collect$$$$0000000A  mc_w.l(entry8b.o)
    0x000000ec   0x000000ec   0x00000008   Code   RO         1100    .ARM.Collect$$$$0000000B  mc_w.l(entry9a.o)
    0x000000f4   0x000000f4   0x00000000   Code   RO         1102    .ARM.Collect$$$$0000000D  mc_w.l(entry10a.o)
    0x000000f4   0x000000f4   0x00000000   Code   RO         1104    .ARM.Collect$$$$0000000F  mc_w.l(entry11a.o)
    0x000000f4   0x000000f4   0x00000004   Code   RO         1093    .ARM.Collect$$$$00002712  mc_w.l(entry2.o)
    0x000000f8   0x000000f8   0x00000024   Code   RO         1027  * .text               startup_lpc407x_8x_177x_8x.o
    0x0000011c   0x0000011c   0x0000014e   Code   RO         1080    .text               mf_w.l(dadd.o)
    0x0000026a   0x0000026a   0x0000001a   Code   RO         1086    .text               mf_w.l(dfltui.o)
    0x00000284   0x00000284   0x0000003e   Code   RO         1088    .text               mf_w.l(dfixi.o)
    0x000002c2   0x000002c2   0x00000032   Code   RO         1090    .text               mf_w.l(dfixui.o)
    0x000002f4   0x000002f4   0x00000000   Code   RO         1112    .text               mc_w.l(iusefp.o)
    0x000002f4   0x000002f4   0x00000008   Code   RO            5    i.SysTick_Handler   main.o
    0x000002fc   0x000002fc   0x00000004   Code   RO         1026    .ARM.__at_0x02FC    startup_lpc407x_8x_177x_8x.o
    0x00000300   0x00000300   0x000000e4   Code   RO         1082    .text               mf_w.l(dmul.o)
    0x000003e4   0x000003e4   0x000000de   Code   RO         1084    .text               mf_w.l(ddiv.o)
    0x000004c2   0x000004c2   0x0000001e   Code   RO         1106    .text               mc_w.l(llshl.o)
    0x000004e0   0x000004e0   0x00000020   Code   RO         1108    .text               mc_w.l(llushr.o)
    0x00000500   0x00000500   0x00000024   Code   RO         1110    .text               mc_w.l(llsshr.o)
    0x00000524   0x00000524   0x000000ba   Code   RO         1113    .text               mf_w.l(depilogue.o)
    0x000005de   0x000005de   0x00000002   PAD
    0x000005e0   0x000005e0   0x00000024   Code   RO         1115    .text               mc_w.l(init.o)
    0x00000604   0x00000604   0x00000014   Code   RO          493    i.ADC_GetLastValueLeft  adc.o
    0x00000618   0x00000618   0x00000014   Code   RO          494    i.ADC_GetLastValueRight  adc.o
    0x0000062c   0x0000062c   0x00000014   Code   RO          495    i.ADC_GetLastValueTrimpot  adc.o
    0x00000640   0x00000640   0x00000154   Code   RO          496    i.ADC_IRQHandler    adc.o
    0x00000794   0x00000794   0x00000100   Code   RO          497    i.ADC_Init          adc.o
    0x00000894   0x00000894   0x00000024   Code   RO          498    i.ADC_Start         adc.o
    0x000008b8   0x000008b8   0x00000024   Code   RO          499    i.ADC_Stop          adc.o
    0x000008dc   0x000008dc   0x00000018   Code   RO          690    i.ESP8266_ReadData  esp8266.o
    0x000008f4   0x000008f4   0x00000012   Code   RO          233    i.GPIO_DIR_Write    gpio.o
    0x00000906   0x00000906   0x0000000a   Code   RO          234    i.GPIO_PIN_Read     gpio.o
    0x00000910   0x00000910   0x00000012   Code   RO          235    i.GPIO_PIN_Write    gpio.o
    0x00000922   0x00000922   0x00000002   PAD
    0x00000924   0x00000924   0x0000001c   Code   RO          946    i.I2C_Do_Write      i2c.o
    0x00000940   0x00000940   0x00000050   Code   RO          947    i.I2C_Init          i2c.o
    0x00000990   0x00000990   0x00000030   Code   RO          950    i.I2C_Start         i2c.o
    0x000009c0   0x000009c0   0x00000038   Code   RO          951    i.I2C_Stop          i2c.o
    0x000009f8   0x000009f8   0x0000002c   Code   RO          952    i.I2C_Wait_SI       i2c.o
    0x00000a24   0x00000a24   0x00000028   Code   RO          953    i.I2C_Write         i2c.o
    0x00000a4c   0x00000a4c   0x0000006c   Code   RO          954    i.I2C_WriteData     i2c.o
    0x00000ab8   0x00000ab8   0x00000018   Code   RO          272    i.Joystick_Center_Pressed  joystick.o
    0x00000ad0   0x00000ad0   0x00000018   Code   RO          273    i.Joystick_Down_Pressed  joystick.o
    0x00000ae8   0x00000ae8   0x00000018   Code   RO          275    i.Joystick_Left_Pressed  joystick.o
    0x00000b00   0x00000b00   0x00000018   Code   RO          276    i.Joystick_Right_Pressed  joystick.o
    0x00000b18   0x00000b18   0x00000018   Code   RO          277    i.Joystick_Up_Pressed  joystick.o
    0x00000b30   0x00000b30   0x0000008c   Code   RO            4    i.LDRState          main.o
    0x00000bbc   0x00000bbc   0x00000014   Code   RO          772    i.LED1_Init         led.o
    0x00000bd0   0x00000bd0   0x00000014   Code   RO          773    i.LED1_Off          led.o
    0x00000be4   0x00000be4   0x00000014   Code   RO          775    i.LED2_Init         led.o
    0x00000bf8   0x00000bf8   0x00000014   Code   RO          776    i.LED2_Off          led.o
    0x00000c0c   0x00000c0c   0x00000014   Code   RO          778    i.LED3_Init         led.o
    0x00000c20   0x00000c20   0x00000014   Code   RO          779    i.LED3_Off          led.o
    0x00000c34   0x00000c34   0x00000014   Code   RO          781    i.LED4_Init         led.o
    0x00000c48   0x00000c48   0x00000014   Code   RO          782    i.LED4_Off          led.o
    0x00000c5c   0x00000c5c   0x0000001c   Code   RO          170    i.PWM1_Cycle_Rate   pwm.o
    0x00000c78   0x00000c78   0x00000070   Code   RO          171    i.PWM1_Wr1te        pwm.o
    0x00000ce8   0x00000ce8   0x0000001c   Code   RO          172    i.PWM_Cycle_Rate    pwm.o
    0x00000d04   0x00000d04   0x00000158   Code   RO          173    i.PWM_Init          pwm.o
    0x00000e5c   0x00000e5c   0x00000088   Code   RO          174    i.PWM_Wr1te         pwm.o
    0x00000ee4   0x00000ee4   0x000000b4   Code   RO          865    i.Serial_Init       serial.o
    0x00000f98   0x00000f98   0x0000000c   Code   RO          866    i.Serial_ReadData   serial.o
    0x00000fa4   0x00000fa4   0x00000014   Code   RO          867    i.Serial_WriteData  serial.o
    0x00000fb8   0x00000fb8   0x0000001c   Code   RO          568    i.SysTick_Init      systemticktimer.o
    0x00000fd4   0x00000fd4   0x000002d4   Code   RO         1036    i.SystemCoreClockUpdate  system_lpc407x_8x_177x_8x.o
    0x000012a8   0x000012a8   0x000000ec   Code   RO         1037    i.SystemInit        system_lpc407x_8x_177x_8x.o
    0x00001394   0x00001394   0x00000054   Code   RO          425    i.TIMER2_IRQHandler  ultrasonic.o
    0x000013e8   0x000013e8   0x000000e4   Code   RO          426    i.TIMER3_IRQHandler  ultrasonic.o
    0x000014cc   0x000014cc   0x00000054   Code   RO          868    i.UART0_IRQHandler  serial.o
    0x00001520   0x00001520   0x00000024   Code   RO          697    i.UART3_IRQHandler  esp8266.o
    0x00001544   0x00001544   0x0000002c   Code   RO          427    i.Ulrasonic_Start_Trigger  ultrasonic.o
    0x00001570   0x00001570   0x00000068   Code   RO          428    i.Ultrasonic_Capture_Timer_Init  ultrasonic.o
    0x000015d8   0x000015d8   0x00000090   Code   RO          429    i.Ultrasonic_Trigger_Timer_Init  ultrasonic.o
    0x00001668   0x00001668   0x0000001c   Code   RO          430    i.__NVIC_ClearPendingIRQ  ultrasonic.o
    0x00001684   0x00001684   0x0000001a   Code   RO          431    i.__NVIC_EnableIRQ  ultrasonic.o
    0x0000169e   0x0000169e   0x0000000e   Code   RO         1119    i.__scatterload_copy  mc_w.l(handlers.o)
    0x000016ac   0x000016ac   0x00000002   Code   RO         1120    i.__scatterload_null  mc_w.l(handlers.o)
    0x000016ae   0x000016ae   0x0000000e   Code   RO         1121    i.__scatterload_zeroinit  mc_w.l(handlers.o)
    0x000016bc   0x000016bc   0x0000000e   Code   RO            6    i.followRoad        main.o
    0x000016ca   0x000016ca   0x0000000e   Code   RO            7    i.followWIFI        main.o
    0x000016d8   0x000016d8   0x00000050   Code   RO         1038    i.fpu_init          system_lpc407x_8x_177x_8x.o
    0x00001728   0x00001728   0x00000068   Code   RO          595    i.getSpeed          controller.o
    0x00001790   0x00001790   0x00000094   Code   RO            8    i.init              main.o
    0x00001824   0x00001824   0x0000004e   Code   RO            9    i.joystick_handler  main.o
    0x00001872   0x00001872   0x00000002   PAD
    0x00001874   0x00001874   0x00000058   Code   RO           10    i.ldr_handler       main.o
    0x000018cc   0x000018cc   0x00000058   Code   RO          596    i.left_motor_direction  controller.o
    0x00001924   0x00001924   0x00000028   Code   RO           11    i.main              main.o
    0x0000194c   0x0000194c   0x00000060   Code   RO          597    i.moveBackward      controller.o
    0x000019ac   0x000019ac   0x00000060   Code   RO          598    i.moveForward       controller.o
    0x00001a0c   0x00001a0c   0x00000028   Code   RO          601    i.powerDown         controller.o
    0x00001a34   0x00001a34   0x00000058   Code   RO          602    i.right_motor_direction  controller.o
    0x00001a8c   0x00001a8c   0x00000034   Code   RO           12    i.select_scenario   main.o
    0x00001ac0   0x00001ac0   0x0000004c   Code   RO           13    i.sensor_handler    main.o
    0x00001b0c   0x00001b0c   0x0000003c   Code   RO          603    i.stop              controller.o
    0x00001b48   0x00001b48   0x00000060   Code   RO          604    i.turnLeft          controller.o
    0x00001ba8   0x00001ba8   0x00000060   Code   RO          605    i.turnRight         controller.o
    0x00001c08   0x00001c08   0x000000e0   Code   RO           14    i.update            main.o
    0x00001ce8   0x00001ce8   0x00000003   Data   RO           16    .conststrlit        main.o
    0x00001ceb   0x00001ceb   0x00000001   PAD
    0x00001cec   0x00001cec   0x00000020   Data   RO         1117    Region$$Table       anon$$obj.o


    Execution Region ER_RW (Exec base: 0x10000000, Load base: 0x00001d0c, Size: 0x000000b4, Max: 0xffffffff, ABSOLUTE)

    Exec Addr    Load Addr    Size         Type   Attr      Idx    E Section Name        Object

    0x10000000   0x00001d0c   0x00000038   Data   RW           17    .data               main.o
    0x10000038   0x00001d44   0x00000004   Data   RW          176    .data               pwm.o
    0x1000003c   0x00001d48   0x00000018   Data   RW          432    .data               ultrasonic.o
    0x10000054   0x00001d60   0x00000038   Data   RW          500    .data               adc.o
    0x1000008c   0x00001d98   0x0000000c   Data   RW          606    .data               controller.o
    0x10000098   0x00001da4   0x00000003   Data   RW          699    .data               esp8266.o
    0x1000009b   0x00001da7   0x00000001   PAD
    0x1000009c   0x00001da8   0x00000006   Data   RW          869    .data               serial.o
    0x100000a2   0x00001dae   0x00000002   PAD
    0x100000a4   0x00001db0   0x00000010   Data   RW         1039    .data               system_lpc407x_8x_177x_8x.o


    Execution Region ER_ZI (Exec base: 0x100000b4, Load base: 0x00001dc0, Size: 0x00000604, Max: 0xffffffff, ABSOLUTE)

    Exec Addr    Load Addr    Size         Type   Attr      Idx    E Section Name        Object

    0x100000b4        -       0x00000200   Zero   RW          698    .bss                esp8266.o
    0x100002b4   0x00001dc0   0x00000004   PAD
    0x100002b8        -       0x00000400   Zero   RW         1023    STACK               startup_lpc407x_8x_177x_8x.o


==============================================================================

Image component sizes


      Code (inc. data)   RO Data    RW Data    ZI Data      Debug   Object Name

       728        126          0         56          0      34441   adc.o
       764         78          0         12          0       5411   controller.o
        60         12          0          3        512       1802   esp8266.o
        46          0          0          0          0       3154   gpio.o
       404         42          0          0          0       4375   i2c.o
       120         20          0          0          0       2765   joystick.o
       160         44          0          0          0       3688   led.o
       882         76          3         56          0      33867   main.o
       648         48          0          4          0       3204   pwm.o
       296         52          0          6          0      32314   serial.o
        40         12        228          0       1024       1120   startup_lpc407x_8x_177x_8x.o
      1040         62          0         16          0       4616   system_lpc407x_8x_177x_8x.o
        28          4          0          0          0        475   systemticktimer.o
       658         92          0         24          0      34562   ultrasonic.o

    ----------------------------------------------------------------------
      5878        668        264        180       1540     165794   Object Totals
         0          0         32          0          0          0   (incl. Generated)
         4          0          1          3          4          0   (incl. Padding)

    ----------------------------------------------------------------------

      Code (inc. data)   RO Data    RW Data    ZI Data      Debug   Library Member Name

         0          0          0          0          0          0   entry.o
         0          0          0          0          0          0   entry10a.o
         0          0          0          0          0          0   entry11a.o
         8          4          0          0          0          0   entry2.o
         4          0          0          0          0          0   entry5.o
         0          0          0          0          0          0   entry7b.o
         0          0          0          0          0          0   entry8b.o
         8          4          0          0          0          0   entry9a.o
        30          0          0          0          0          0   handlers.o
        36          8          0          0          0         68   init.o
         0          0          0          0          0          0   iusefp.o
        30          0          0          0          0         68   llshl.o
        36          0          0          0          0         68   llsshr.o
        32          0          0          0          0         68   llushr.o
       334          0          0          0          0        148   dadd.o
       222          0          0          0          0        100   ddiv.o
       186          0          0          0          0        176   depilogue.o
        62          0          0          0          0         80   dfixi.o
        50          0          0          0          0         76   dfixui.o
        26          0          0          0          0         76   dfltui.o
       228          0          0          0          0         96   dmul.o

    ----------------------------------------------------------------------
      1294         16          0          0          0       1024   Library Totals
         2          0          0          0          0          0   (incl. Padding)

    ----------------------------------------------------------------------

      Code (inc. data)   RO Data    RW Data    ZI Data      Debug   Library Name

       184         16          0          0          0        272   mc_w.l
      1108          0          0          0          0        752   mf_w.l

    ----------------------------------------------------------------------
      1294         16          0          0          0       1024   Library Totals

    ----------------------------------------------------------------------

==============================================================================


      Code (inc. data)   RO Data    RW Data    ZI Data      Debug   

      7172        684        264        180       1540     159854   Grand Totals
      7172        684        264        180       1540     159854   ELF Image Totals
      7172        684        264        180          0          0   ROM Totals

==============================================================================

    Total RO  Size (Code + RO Data)                 7436 (   7.26kB)
    Total RW  Size (RW Data + ZI Data)              1720 (   1.68kB)
    Total ROM Size (Code + RO Data + RW Data)       7616 (   7.44kB)

==============================================================================

